▲ Next.js 16.3.8 (Turbopack)
- Local:         http://localhost:3001
- Network:       http://192.168.1.8:3001
✓ Ready in 1136ms
✓ Running next.config.ts took 113ms

 GET /seasons 200 in 1357ms (next.js: 580ms, application-code: 776ms)
 GET /medicines/MED00410 200 in 1074ms (next.js: 899ms, application-code: 175ms)
 GET /medicines/MED00410 200 in 122ms (next.js: 29ms, application-code: 93ms)
 GET /seasons?tab=overview 200 in 90ms (next.js: 10ms, application-code: 80ms)
 GET /seasons?tab=four 200 in 93ms (next.js: 7ms, application-code: 86ms)
 GET /seasons?tab=impact 200 in 103ms (next.js: 11ms, application-code: 92ms)
 GET /seasons?tab=curves 200 in 131ms (next.js: 14ms, application-code: 118ms)
 GET /seasons?tab=curves 200 in 149ms (next.js: 15ms, application-code: 133ms)
 GET /seasons?tab=archetypes 200 in 120ms (next.js: 7ms, application-code: 113ms)
 GET /seasons?tab=impact 200 in 105ms (next.js: 6ms, application-code: 100ms)
 GET /seasons?tab=curves&ids=med%3AMED00410%2Ccat%3ARespiratory%2Ccat%3AVitamin%2FSupplement%2Cmed%3AMED00035 200 in 113ms (next.js: 10ms, application-code: 103ms)
 GET /seasons?tab=curves&ids=cat%3ARespiratory%2Cmed%3AMED00410 200 in 97ms (next.js: 9ms, application-code: 87ms)
 GET /medicines/MED00410 200 in 122ms (next.js: 28ms, application-code: 94ms)
 GET /seasons?tab=evidence 200 in 107ms (next.js: 9ms, application-code: 98ms)
 GET /seasons?tab=evidence 200 in 126ms (next.js: 10ms, application-code: 116ms)
 GET /seasons?tab=evidence 200 in 62ms (next.js: 15ms, application-code: 47ms)
 GET /seasons?tab=evidence 200 in 87ms (next.js: 4ms, application-code: 83ms)
 GET /seasons?tab=timing 200 in 87ms (next.js: 3ms, application-code: 84ms)
 GET /seasons?tab=timing&level=medicine 200 in 101ms (next.js: 10ms, application-code: 91ms)
 GET /seasons?tab=timing 200 in 108ms (next.js: 4ms, application-code: 103ms)
 GET /seasons?tab=impact 200 in 94ms (next.js: 9ms, application-code: 85ms)
 GET /seasons?tab=archetypes 200 in 110ms (next.js: 10ms, application-code: 99ms)
 GET /seasons?tab=readiness 200 in 108ms (next.js: 8ms, application-code: 99ms)
 GET /seasons?tab=readiness&season=Monsoon 200 in 126ms (next.js: 12ms, application-code: 114ms)
 GET /seasons?tab=impact 200 in 116ms (next.js: 6ms, application-code: 110ms)
 GET /seasons?tab=impact 200 in 122ms (next.js: 6ms, application-code: 116ms)
 GET /seasons?tab=archetypes 200 in 130ms (next.js: 5ms, application-code: 125ms)
✓ Compiled in 156ms
 GET /seasons?tab=archetypes 200 in 75ms (next.js: 44ms, application-code: 31ms)
 GET /seasons?tab=evidence 200 in 282ms (next.js: 78ms, application-code: 203ms)
 GET /seasons?tab=impact 200 in 95ms (next.js: 13ms, application-code: 83ms)
 GET /seasons?tab=readiness&season=Post-Monsoon 200 in 120ms (next.js: 5ms, application-code: 115ms)
 GET /seasons?tab=impact 200 in 96ms (next.js: 9ms, application-code: 87ms)
✓ Compiled in 244ms
 GET /seasons?tab=impact 200 in 57ms (next.js: 10ms, application-code: 46ms)
 GET /seasons?tab=impact 200 in 111ms (next.js: 5ms, application-code: 106ms)
 GET /seasons?tab=archetypes 200 in 96ms (next.js: 5ms, application-code: 91ms)
 GET /seasons?tab=evidence 200 in 110ms (next.js: 5ms, application-code: 106ms)
 GET /seasons?tab=curves&ids= 200 in 108ms (next.js: 4ms, application-code: 104ms)
 GET /seasons?tab=curves&ids=cat%3ANope 200 in 90ms (next.js: 4ms, application-code: 86ms)
 GET /seasons?tab=archetypes 200 in 98ms (next.js: 4ms, application-code: 94ms)
 GET /seasons?tab=impact 200 in 98ms (next.js: 5ms, application-code: 93ms)
 GET /seasons?tab=impact 200 in 110ms (next.js: 4ms, application-code: 106ms)
 GET /seasons?tab=evidence 200 in 100ms (next.js: 5ms, application-code: 95ms)
✓ Compiled in 165ms
 GET /seasons?tab=evidence 200 in 46ms (next.js: 11ms, application-code: 35ms)
 GET /seasons?tab=curves 200 in 103ms (next.js: 4ms, application-code: 99ms)
 GET /seasons?tab=curves&ids=med%3AMED00117 200 in 132ms (next.js: 10ms, application-code: 122ms)
 GET /seasons?tab=timing&level=medicine 200 in 115ms (next.js: 4ms, application-code: 111ms)
 GET /seasons?tab=impact 200 in 103ms (next.js: 11ms, application-code: 93ms)
 GET /seasons?tab=curves&ids=med%3AMED00117%2Ccat%3ANSAID 200 in 112ms (next.js: 11ms, application-code: 101ms)
 GET /seasons?tab=curves 200 in 119ms (next.js: 5ms, application-code: 113ms)
 GET /seasons?tab=curves 200 in 109ms (next.js: 6ms, application-code: 103ms)
 GET /seasons?tab=timing 200 in 122ms (next.js: 5ms, application-code: 117ms)
 GET /seasons?tab=timing 200 in 123ms (next.js: 4ms, application-code: 119ms)
 GET /seasons?tab=readiness 200 in 122ms (next.js: 7ms, application-code: 116ms)
 GET /seasons?tab=readiness 200 in 119ms (next.js: 5ms, application-code: 114ms)
 GET /seasons?tab=timing 200 in 114ms (next.js: 9ms, application-code: 106ms)
 GET /seasons?tab=archetypes 200 in 94ms (next.js: 10ms, application-code: 85ms)
 GET /seasons?tab=archetypes 200 in 91ms (next.js: 10ms, application-code: 81ms)
 GET /seasons?tab=archetypes 200 in 78ms (next.js: 4ms, application-code: 74ms)
 GET /seasons?tab=archetypes 200 in 79ms (next.js: 4ms, application-code: 76ms)
